// Jest Snapshot v1, https://goo.gl/fbAQLP

exports[`ArticleList It renders correclty 1`] = `ShallowWrapper {}`;
